warning: `VIRTUAL_ENV=/home/hiro/workspace/IconConverter/.venv` does not match the project environment path `.venv` and will be ignored; use `--active` to target the active environment instead
........................................................................ [ 52%]
.................................................................        [100%]
=============================== warnings summary ===============================
models.py:8
  /home/hiro/workspace/IconConverter/backend/models.py:8: PydanticDeprecatedSince20: Support for class-based `config` is deprecated, use ConfigDict instead. Deprecated in Pydantic V2.0 to be removed in V3.0. See Pydantic V2 Migration Guide at https://errors.pydantic.dev/2.12/migration/
    class ConversionRequest(BaseModel):

models.py:36
  /home/hiro/workspace/IconConverter/backend/models.py:36: PydanticDeprecatedSince20: Support for class-based `config` is deprecated, use ConfigDict instead. Deprecated in Pydantic V2.0 to be removed in V3.0. See Pydantic V2 Migration Guide at https://errors.pydantic.dev/2.12/migration/
    class ConversionResponse(BaseModel):

models.py:61
  /home/hiro/workspace/IconConverter/backend/models.py:61: PydanticDeprecatedSince20: Support for class-based `config` is deprecated, use ConfigDict instead. Deprecated in Pydantic V2.0 to be removed in V3.0. See Pydantic V2 Migration Guide at https://errors.pydantic.dev/2.12/migration/
    class HealthResponse(BaseModel):

models.py:83
  /home/hiro/workspace/IconConverter/backend/models.py:83: PydanticDeprecatedSince20: Support for class-based `config` is deprecated, use ConfigDict instead. Deprecated in Pydantic V2.0 to be removed in V3.0. See Pydantic V2 Migration Guide at https://errors.pydantic.dev/2.12/migration/
    class ErrorResponse(BaseModel):

main.py:171
  /home/hiro/workspace/IconConverter/backend/main.py:171: DeprecationWarning: 
          on_event is deprecated, use lifespan event handlers instead.
  
          Read more about it in the
          [FastAPI docs for Lifespan Events](https://fastapi.tiangolo.com/advanced/events/).
          
    @app.on_event("startup")

.venv/lib/python3.13/site-packages/fastapi/applications.py:4575
.venv/lib/python3.13/site-packages/fastapi/applications.py:4575
  /home/hiro/workspace/IconConverter/backend/.venv/lib/python3.13/site-packages/fastapi/applications.py:4575: DeprecationWarning: 
          on_event is deprecated, use lifespan event handlers instead.
  
          Read more about it in the
          [FastAPI docs for Lifespan Events](https://fastapi.tiangolo.com/advanced/events/).
          
    return self.router.on_event(event_type)

main.py:177
  /home/hiro/workspace/IconConverter/backend/main.py:177: DeprecationWarning: 
          on_event is deprecated, use lifespan event handlers instead.
  
          Read more about it in the
          [FastAPI docs for Lifespan Events](https://fastapi.tiangolo.com/advanced/events/).
          
    @app.on_event("shutdown")

-- Docs: https://docs.pytest.org/en/stable/how-to/capture-warnings.html
================================ tests coverage ================================
_______________ coverage: platform linux, python 3.13.7-final-0 ________________

Name                     Stmts   Miss  Cover   Missing
------------------------------------------------------
__init__.py                  1      0   100%
core/__init__.py             0      0   100%
core/config.py               5      0   100%
core/logger.py               6      0   100%
core/logic.py               48      0   100%
core/utils.py               21      0   100%
exceptions.py                8      0   100%
main.py                     73      8    89%   140-154, 174, 180, 244-245
models.py                   23      0   100%
routers/__init__.py          0      0   100%
routers/convert.py          55      9    84%   141-143, 159-168
routers/health.py            8      0   100%
services/__init__.py         0      0   100%
services/conversion.py      79      3    96%   62-63, 170
services/validation.py      45      1    98%   79
------------------------------------------------------
TOTAL                      372     21    94%
Coverage HTML written to dir htmlcov
Required test coverage of 80.0% reached. Total coverage: 94.35%
137 passed, 8 warnings in 14.89s
